// Jest Snapshot v1, https://goo.gl/fbAQLP

exports[`Input should renders correctly 1`] = `
<div
  className="header"
>
  <input
    className="checkbox"
    onChange={[Function]}
    type="checkbox"
  />
  <input
    className="input"
    onChange={[Function]}
    placeholder="Add your important task"
    type="text"
  />
</div>
`;
